###############################################################################
#
# IAR ELF Linker V8.40.1.212/W32 for ARM                  14/Jul/2019  21:07:38
# Copyright 2007-2019 IAR Systems AB.
#
#    Output file  =
#        C:\Users\yuri_\Desktop\Sistemas
#        Operacionais\Tiva_RTOS2_IAR8\tarefas\ewarm\Exe\tarefas.out
#    Map file     =
#        C:\Users\yuri_\Desktop\Sistemas
#        Operacionais\Tiva_RTOS2_IAR8\tarefas\ewarm\List\tarefas.map
#    Command line =
#        -f C:\Users\yuri_\AppData\Local\Temp\EWFAE3.tmp
#        ("C:\Users\yuri_\Desktop\Sistemas
#        Operacionais\Tiva_RTOS2_IAR8\tarefas\ewarm\Obj\ADC_funcs.o"
#        "C:\Users\yuri_\Desktop\Sistemas
#        Operacionais\Tiva_RTOS2_IAR8\tarefas\ewarm\Obj\driverleds.o"
#        "C:\Users\yuri_\Desktop\Sistemas
#        Operacionais\Tiva_RTOS2_IAR8\driverlib\ewarm\Exe\driverlib.a"
#        "C:\Users\yuri_\Desktop\Sistemas
#        Operacionais\Tiva_RTOS2_IAR8\tarefas\ewarm\Obj\main.o"
#        "C:\Users\yuri_\Desktop\Sistemas
#        Operacionais\Tiva_RTOS2_IAR8\tarefas\ewarm\Obj\PWM_funcs.o"
#        "C:\Users\yuri_\Desktop\Sistemas
#        Operacionais\Tiva_RTOS2_IAR8\CMSIS\RTOS2\RTX\Library\IAR\RTX_CM4F.a"
#        "C:\Users\yuri_\Desktop\Sistemas
#        Operacionais\Tiva_RTOS2_IAR8\tarefas\ewarm\Obj\RTX_Config.o"
#        "C:\Users\yuri_\Desktop\Sistemas
#        Operacionais\Tiva_RTOS2_IAR8\tarefas\ewarm\Obj\rtx_lib.o"
#        "C:\Users\yuri_\Desktop\Sistemas
#        Operacionais\Tiva_RTOS2_IAR8\tarefas\ewarm\Obj\startup_tm4c1294.o"
#        "C:\Users\yuri_\Desktop\Sistemas
#        Operacionais\Tiva_RTOS2_IAR8\tarefas\ewarm\Obj\system_tm4c1294.o"
#        "C:\Users\yuri_\Desktop\Sistemas
#        Operacionais\Tiva_RTOS2_IAR8\tarefas\ewarm\Obj\UART_funcs.o"
#        --no_out_extension -o "C:\Users\yuri_\Desktop\Sistemas
#        Operacionais\Tiva_RTOS2_IAR8\tarefas\ewarm\Exe\tarefas.out" --map
#        "C:\Users\yuri_\Desktop\Sistemas
#        Operacionais\Tiva_RTOS2_IAR8\tarefas\ewarm\List\tarefas.map" --config
#        "D:\Program Files (x86)\IAR Systems\Embedded Workbench
#        8.3\arm\config\linker\TexasInstruments\TM4C1294NC.icf" --semihosting
#        --entry __iar_program_start --vfe --text_out locale)
#
###############################################################################

*******************************************************************************
*** RUNTIME MODEL ATTRIBUTES
***

CppFlavor       = *
__SystemLibrary = DLib
__dlib_version  = 6


*******************************************************************************
*** HEAP SELECTION
***

The basic heap was selected because no calls to memory allocation
functions were found in the application outside of system library
functions, and there are calls to deallocation functions in the
application.


*******************************************************************************
*** PLACEMENT SUMMARY
***

"A0":  place at address 0x0 { ro section .intvec };
"P1":  place in [from 0x0 to 0xf'ffff] { ro };
define block CSTACK with size = 32K, alignment = 8 { };
define block HEAP with size = 64K, alignment = 8 { };
"P2":  place in [from 0x2000'0000 to 0x2003'ffff] {
          rw, block CSTACK, block HEAP };
initialize by copy { rw };

  Section               Kind         Address    Size  Object
  -------               ----         -------    ----  ------
"A0":                                          0x26c
  .intvec               ro code          0x0   0x26c  startup_tm4c1294.o [1]
                                     - 0x26c   0x26c

"P1":                                         0x33fd
  .text                 ro code        0x26c   0x8e8  rtx_thread.o [2]
  .text                 ro code        0xb54     0x2  rtx_evr.o [2]
  .text                 ro code        0xb56     0x2  rtx_evr.o [2]
  .text                 ro code        0xb58     0x2  rtx_evr.o [2]
  .text                 ro code        0xb5a     0x2  rtx_evr.o [2]
  .text                 ro code        0xb5c     0x2  rtx_evr.o [2]
  .text                 ro code        0xb5e     0x2  rtx_evr.o [2]
  .text                 ro code        0xb60     0x2  rtx_evr.o [2]
  .text                 ro code        0xb62     0x2  rtx_evr.o [2]
  .text                 ro code        0xb64     0x2  rtx_evr.o [2]
  .text                 ro code        0xb66     0x2  rtx_evr.o [2]
  .text                 ro code        0xb68     0x2  rtx_evr.o [2]
  .text                 ro code        0xb6a     0x2  rtx_evr.o [2]
  .text                 ro code        0xb6c     0x2  rtx_evr.o [2]
  .text                 ro code        0xb6e    0x3a  zero_init3.o [6]
  .text                 ro code        0xba8    0xe6  rtx_mempool.o [2]
  .text                 ro code        0xc8e     0x2  rtx_evr.o [2]
  .text                 ro code        0xc90    0x82  rtx_memory.o [2]
  .text                 ro code        0xd12     0x2  RTX_Config.o [1]
  .text                 ro code        0xd14     0x6  ABImemclr4.o [6]
  .text                 ro code        0xd1a     0x2  rtx_evr.o [2]
  .text                 ro code        0xd1c    0x4c  rtx_memory.o [2]
  .text                 ro code        0xd68    0x4c  rtx_mutex.o [2]
  .text                 ro code        0xdb4     0x2  rtx_evr.o [2]
  .text                 ro code        0xdb6     0x2  rtx_evr.o [2]
  .text                 ro code        0xdb8     0x2  rtx_evr.o [2]
  .text                 ro code        0xdba     0x2  rtx_evr.o [2]
  .text                 ro code        0xdbc     0x2  rtx_evr.o [2]
  .text                 ro code        0xdbe     0x2  rtx_evr.o [2]
  .text                 ro code        0xdc0    0x20  RTX_Config.o [1]
  .text                 ro code        0xde0     0x2  rtx_evr.o [2]
  .text                 ro code        0xde2     0x2  rtx_evr.o [2]
  .text                 ro code        0xde4     0x2  rtx_evr.o [2]
  .text                 ro code        0xde6     0x2  rtx_evr.o [2]
  .text                 ro code        0xde8    0x32  ABImemset48.o [6]
  .text                 ro code        0xe1a     0x2  rtx_evr.o [2]
  .text                 ro code        0xe1c     0x2  rtx_evr.o [2]
  .text                 ro code        0xe1e     0x2  rtx_evr.o [2]
  .text                 ro code        0xe20   0x62c  rtx_msgqueue.o [2]
  .text                 ro code       0x144c    0xa6  ABImemcpy.o [6]
  .text                 ro code       0x14f2     0x2  rtx_evr.o [2]
  .text                 ro code       0x14f4     0x2  rtx_evr.o [2]
  .text                 ro code       0x14f6     0x2  rtx_evr.o [2]
  .text                 ro code       0x14f8     0x6  ABImemclr.o [6]
  .text                 ro code       0x14fe     0x2  rtx_evr.o [2]
  .text                 ro code       0x1500     0x2  rtx_evr.o [2]
  .text                 ro code       0x1502     0x2  rtx_evr.o [2]
  .text                 ro code       0x1504     0x2  rtx_evr.o [2]
  .text                 ro code       0x1506     0x2  rtx_evr.o [2]
  .text                 ro code       0x1508     0x2  rtx_evr.o [2]
  .text                 ro code       0x150a     0x2  rtx_evr.o [2]
  .text                 ro code       0x150c   0x174  rtx_system.o [2]
  .text                 ro code       0x1680     0x2  rtx_evr.o [2]
  .text                 ro code       0x1682     0x2  rtx_evr.o [2]
  .text                 ro code       0x1684    0x5e  ABImemset.o [6]
  .text                 ro code       0x16e4     0xc  os_systick.o [2]
  .text                 ro code       0x16f0   0x2fc  main.o [1]
  .text                 ro code       0x19ec   0x168  driverleds.o [1]
  .text                 ro code       0x1b54    0x58  rtx_delay.o [2]
  .text                 ro code       0x1bac    0x9c  ADC_funcs.o [1]
  .text                 ro code       0x1c48    0xd0  PWM_funcs.o [1]
  .text                 ro code       0x1d18    0x48  FltToDbl.o [5]
  .text                 ro code       0x1d60   0x1a2  DblMul.o [5]
  .text                 ro code       0x1f04   0x246  DblDiv.o [5]
  .text                 ro code       0x214c    0x68  DblToFlt.o [5]
  .text                 ro code       0x21b4    0xe2  DblSub.o [5]
  .text                 ro code       0x2298    0x3c  system_tm4c1294.o [1]
  .text                 ro code       0x22d4    0x90  UART_funcs.o [1]
  .text                 ro code       0x2364   0x2c4  rtx_kernel.o [2]
  .text                 ro code       0x2628   0x2c0  sysctl.o [4]
  .text                 ro code       0x28e8   0x1dc  gpio.o [4]
  .text                 ro code       0x2ac4     0x2  rtx_evr.o [2]
  .text                 ro code       0x2ac8   0x170  adc.o [4]
  .text                 ro code       0x2c38    0x9c  pwm.o [4]
  .text                 ro code       0x2cd4    0x28  DblToU32.o [5]
  .text                 ro code       0x2cfc   0x16a  DblAdd.o [5]
  .text                 ro code       0x2e68    0xa0  uart.o [4]
  .text                 ro code       0x2f08     0x2  rtx_evr.o [2]
  .text                 ro code       0x2f0a    0x44  rtx_memory.o [2]
  .text                 ro code       0x2f4e     0x2  rtx_evr.o [2]
  .text                 ro code       0x2f50     0x2  rtx_evr.o [2]
  .text                 ro code       0x2f54    0x40  os_systick.o [2]
  .text                 ro code       0x2f94     0x6  os_systick.o [2]
  .text                 ro code       0x2f9c    0x2c  os_systick.o [2]
  .text                 ro code       0x2fc8     0x2  rtx_evr.o [2]
  .text                 ro code       0x2fca     0x2  rtx_lib.o [1]
  .text                 ro code       0x2fcc     0x2  rtx_evr.o [2]
  .text                 ro code       0x2fce     0x2  rtx_evr.o [2]
  .text                 ro code       0x2fd0     0x2  rtx_evr.o [2]
  .rodata               const         0x2fd4   0x1b0  sysctl.o [4]
  .text                 ro code       0x3184    0xdc  rtx_timer.o [2]
  .text                 ro code       0x3260     0x2  rtx_evr.o [2]
  .text                 ro code       0x3264    0xc4  irq_cm4f.o [2]
  .rodata               const         0x3328    0x90  gpio.o [4]
  .rodata               const         0x33b8    0x6c  sysctl.o [4]
  .rodata               const         0x3424    0x68  rtx_lib.o [1]
  .text                 ro code       0x348c    0x38  packbits_init_single.o [6]
  .rodata               const         0x34c4    0x30  sysctl.o [4]
  .text                 ro code       0x34f4    0x28  data_init.o [6]
  .rodata               const         0x351c    0x24  rtx_lib.o [1]
  .rodata               const         0x3540    0x24  rtx_lib.o [1]
  .text                 ro code       0x3564    0x22  fpinit_M.o [5]
  .iar.init_table       const         0x3588    0x20  - Linker created -
  .text                 ro code       0x35a8    0x1e  cmain.o [6]
  .text                 ro code       0x35c6     0x4  low_level_init.o [3]
  .text                 ro code       0x35ca     0x4  exit.o [3]
  .text                 ro code       0x35d0     0xa  cexit.o [6]
  .text                 ro code       0x35dc    0x14  exit.o [7]
  .rodata               const         0x35f0    0x18  rtx_lib.o [1]
  .text                 ro code       0x3608    0x10  startup_tm4c1294.o [1]
  .text                 ro code       0x3618     0xc  cstartup_M.o [6]
  .rodata               const         0x3624     0x4  main.o [1]
  .rodata               const         0x3628     0x4  main.o [1]
  .rodata               const         0x362c     0x4  main.o [1]
  .rodata               const         0x3630     0x4  main.o [1]
  .rodata               const         0x3634     0x4  main.o [1]
  .rodata               const         0x3638     0x4  rtx_lib.o [1]
  .text                 ro code       0x363c     0x4  startup_tm4c1294.o [1]
  .text                 ro code       0x3640     0x4  startup_tm4c1294.o [1]
  .text                 ro code       0x3644     0x4  startup_tm4c1294.o [1]
  .text                 ro code       0x3648     0x4  startup_tm4c1294.o [1]
  .text                 ro code       0x364c     0x4  startup_tm4c1294.o [1]
  .text                 ro code       0x3650     0x4  startup_tm4c1294.o [1]
  .text                 ro code       0x3654     0x4  startup_tm4c1294.o [1]
  .rodata               const         0x3658     0x0  zero_init3.o [6]
  .rodata               const         0x3658     0x0  packbits_init_single.o [6]
  Initializer bytes     const         0x3658    0x11  <for P2-1>
                                    - 0x3669  0x33fd

"P2", part 1 of 3:                              0xa8
  P2-1                           0x2000'0000    0xa8  <Init block>
    .data               inited   0x2000'0000     0x4  main.o [1]
    .data.os            inited   0x2000'0004    0xa4  rtx_kernel.o [2]
                               - 0x2000'00a8    0xa8

"P2", part 2 of 3:                            0x138c
  .bss.os               zero     0x2000'00a8  0x1000  rtx_lib.o [1]
  .bss.os.thread.stack  zero     0x2000'10a8   0x100  rtx_lib.o [1]
  .bss.os.thread.stack  zero     0x2000'11a8   0x100  rtx_lib.o [1]
  .bss.os.msgqueue.mem  zero     0x2000'12a8    0x50  rtx_lib.o [1]
  .bss.os.thread.cb     zero     0x2000'12f8    0x44  rtx_lib.o [1]
  .bss.os.thread.cb     zero     0x2000'133c    0x44  rtx_lib.o [1]
  .bss.os               zero     0x2000'1380    0x40  rtx_lib.o [1]
  .bss.os.msgqueue.cb   zero     0x2000'13c0    0x34  rtx_lib.o [1]
  .bss                  zero     0x2000'13f4     0xc  main.o [1]
  .bss                  zero     0x2000'1400     0xc  main.o [1]
  .bss                  zero     0x2000'140c     0x4  main.o [1]
  .bss                  zero     0x2000'1410     0x4  main.o [1]
  .bss                  zero     0x2000'1414     0x4  main.o [1]
  .bss                  zero     0x2000'1418     0x4  main.o [1]
  .bss                  zero     0x2000'141c     0x4  main.o [1]
  .bss                  zero     0x2000'1420     0x4  main.o [1]
  .bss                  zero     0x2000'1424     0x4  main.o [1]
  .bss                  zero     0x2000'1428     0x4  main.o [1]
  .bss                  zero     0x2000'142c     0x4  system_tm4c1294.o [1]
  .bss                  zero     0x2000'1430     0x1  os_systick.o [2]
                               - 0x2000'1431  0x1389

"P2", part 3 of 3:                            0x8000
  CSTACK                         0x2000'1438  0x8000  <Block>
    CSTACK              uninit   0x2000'1438  0x8000  <Block tail>
                               - 0x2000'9438  0x8000

Unused ranges:

         From           To      Size
         ----           --      ----
       0x3669     0xf'ffff  0xf'c997
  0x2000'1434  0x2000'1437       0x4
  0x2000'9438  0x2003'ffff  0x3'6bc8


*******************************************************************************
*** INIT TABLE
***

          Address      Size
          -------      ----
Zero (__iar_zero_init3)
    1 destination range, total size 0x1389:
          0x2000'00a8  0x1389

Copy/packbits (__iar_packbits_init_single3)
    1 source range, total size 0x11 (10% of destination):
               0x3658    0x11
    1 destination range, total size 0xa8:
          0x2000'0000    0xa8



*******************************************************************************
*** MODULE SUMMARY
***

    Module                  ro code  ro data  rw data
    ------                  -------  -------  -------
command line/config:
    -------------------------------------------------
    Total:

C:\Users\yuri_\Desktop\Sistemas Operacionais\Tiva_RTOS2_IAR8\tarefas\ewarm\Obj: [1]
    ADC_funcs.o                 156
    PWM_funcs.o                 208
    RTX_Config.o                 34
    UART_funcs.o                144
    driverleds.o                360
    main.o                      764       20       60
    rtx_lib.o                     2      204    4'940
    startup_tm4c1294.o          664
    system_tm4c1294.o            60                 4
    -------------------------------------------------
    Total:                    2'392      224    5'004

RTX_CM4F.a: [2]
    irq_cm4f.o                  196
    os_systick.o                126                 1
    rtx_delay.o                  88
    rtx_evr.o                    98
    rtx_kernel.o                708       17      164
    rtx_memory.o                274
    rtx_mempool.o               230
    rtx_msgqueue.o            1'580
    rtx_mutex.o                  76
    rtx_system.o                372
    rtx_thread.o              2'280
    rtx_timer.o                 220
    -------------------------------------------------
    Total:                    6'248       17      165

dl7M_tln.a: [3]
    exit.o                        4
    low_level_init.o              4
    -------------------------------------------------
    Total:                        8

driverlib.a: [4]
    adc.o                       368
    gpio.o                      476      144
    pwm.o                       156
    sysctl.o                    704      588
    uart.o                      160
    -------------------------------------------------
    Total:                    1'864      732

m7M_tls.a: [5]
    DblAdd.o                    362
    DblDiv.o                    582
    DblMul.o                    418
    DblSub.o                    226
    DblToFlt.o                  104
    DblToU32.o                   40
    FltToDbl.o                   72
    fpinit_M.o                   34
    -------------------------------------------------
    Total:                    1'838

rt7M_tl.a: [6]
    ABImemclr.o                   6
    ABImemclr4.o                  6
    ABImemcpy.o                 166
    ABImemset.o                  94
    ABImemset48.o                50
    cexit.o                      10
    cmain.o                      30
    cstartup_M.o                 12
    data_init.o                  40
    packbits_init_single.o       56
    zero_init3.o                 58
    -------------------------------------------------
    Total:                      528

shb_l.a: [7]
    exit.o                       20
    -------------------------------------------------
    Total:                       20

    Gaps                         22        4
    Linker created                        32   32'768
-----------------------------------------------------
    Grand Total:             12'920    1'009   37'937


*******************************************************************************
*** ENTRY LIST
***

Entry                       Address    Size  Type      Object
-----                       -------    ----  ----      ------
.iar.init_table$$Base        0x3588           --   Gb  - Linker created -
.iar.init_table$$Limit       0x35a8           --   Gb  - Linker created -
?main                        0x35a9          Code  Gb  cmain.o [6]
ADCIntClear                  0x2af5     0x8  Code  Gb  adc.o [4]
ADCIntStatus                 0x2ac9    0x2c  Code  Gb  adc.o [4]
ADCProcessorTrigger          0x2c0d    0x1c  Code  Gb  adc.o [4]
ADCSequenceConfigure         0x2b03    0x54  Code  Gb  adc.o [4]
ADCSequenceDataGet           0x2be5    0x28  Code  Gb  adc.o [4]
ADCSequenceEnable            0x2afd     0x6  Code  Gb  adc.o [4]
ADCSequenceStepConfigure
                             0x2b57    0x76  Code  Gb  adc.o [4]
ADC_get_value                0x1c07    0x30  Code  Gb  ADC_funcs.o [1]
ADC_init                     0x1bad    0x5a  Code  Gb  ADC_funcs.o [1]
ADC_thread                   0x170d    0x3e  Code  Gb  main.o [1]
ADC_thread_id           0x2000'141c     0x4  Data  Gb  main.o [1]
CSTACK$$Base            0x2000'1438           --   Gb  - Linker created -
CSTACK$$Limit           0x2000'9438           --   Gb  - Linker created -
Control_thread               0x1775   0x172  Code  Gb  main.o [1]
Control_thread::e       0x2000'1400     0xc  Data  Lc  main.o [1]
Control_thread::u       0x2000'13f4     0xc  Data  Lc  main.o [1]
Control_thread_id       0x2000'1428     0x4  Data  Gb  main.o [1]
EvrRtxEventFlagsWaitTimeout
                              0xb59     0x2  Code  Wk  rtx_evr.o [2]
EvrRtxKernelError            0x2f09     0x2  Code  Wk  rtx_evr.o [2]
EvrRtxKernelGetState         0x2f51     0x2  Code  Wk  rtx_evr.o [2]
EvrRtxKernelInitialize       0x2fcd     0x2  Code  Wk  rtx_evr.o [2]
EvrRtxKernelInitialized
                             0x2f4f     0x2  Code  Wk  rtx_evr.o [2]
EvrRtxKernelStart            0x2fcf     0x2  Code  Wk  rtx_evr.o [2]
EvrRtxKernelStarted          0x2fc9     0x2  Code  Wk  rtx_evr.o [2]
EvrRtxMemoryAlloc             0xde7     0x2  Code  Wk  rtx_evr.o [2]
EvrRtxMemoryBlockAlloc        0xde3     0x2  Code  Wk  rtx_evr.o [2]
EvrRtxMemoryBlockFree         0xde5     0x2  Code  Wk  rtx_evr.o [2]
EvrRtxMemoryBlockInit         0xde1     0x2  Code  Wk  rtx_evr.o [2]
EvrRtxMemoryFree              0xe1b     0x2  Code  Wk  rtx_evr.o [2]
EvrRtxMemoryInit             0x2fd1     0x2  Code  Wk  rtx_evr.o [2]
EvrRtxMemoryPoolAllocTimeout
                              0xb5f     0x2  Code  Wk  rtx_evr.o [2]
EvrRtxMessageQueueCreated
                             0x14ff     0x2  Code  Wk  rtx_evr.o [2]
EvrRtxMessageQueueError
                             0x14f7     0x2  Code  Wk  rtx_evr.o [2]
EvrRtxMessageQueueGet        0x1683     0x2  Code  Wk  rtx_evr.o [2]
EvrRtxMessageQueueGetPending
                             0x1505     0x2  Code  Wk  rtx_evr.o [2]
EvrRtxMessageQueueGetTimeout
                              0xb61     0x2  Code  Wk  rtx_evr.o [2]
EvrRtxMessageQueueInsertPending
                             0x1681     0x2  Code  Wk  rtx_evr.o [2]
EvrRtxMessageQueueInserted
                             0x14f3     0x2  Code  Wk  rtx_evr.o [2]
EvrRtxMessageQueueNew        0x1509     0x2  Code  Wk  rtx_evr.o [2]
EvrRtxMessageQueueNotInserted
                             0x1503     0x2  Code  Wk  rtx_evr.o [2]
EvrRtxMessageQueueNotRetrieved
                             0x1507     0x2  Code  Wk  rtx_evr.o [2]
EvrRtxMessageQueuePut        0x150b     0x2  Code  Wk  rtx_evr.o [2]
EvrRtxMessageQueuePutPending
                             0x1501     0x2  Code  Wk  rtx_evr.o [2]
EvrRtxMessageQueuePutTimeout
                              0xb63     0x2  Code  Wk  rtx_evr.o [2]
EvrRtxMessageQueueRetrieved
                             0x14f5     0x2  Code  Wk  rtx_evr.o [2]
EvrRtxMutexAcquireTimeout
                              0xb5b     0x2  Code  Wk  rtx_evr.o [2]
EvrRtxMutexAcquired           0xe1f     0x2  Code  Wk  rtx_evr.o [2]
EvrRtxMutexReleased           0xe1d     0x2  Code  Wk  rtx_evr.o [2]
EvrRtxSemaphoreAcquireTimeout
                              0xb5d     0x2  Code  Wk  rtx_evr.o [2]
EvrRtxThreadBlocked           0xb6b     0x2  Code  Wk  rtx_evr.o [2]
EvrRtxThreadCreated           0xd1b     0x2  Code  Wk  rtx_evr.o [2]
EvrRtxThreadDelay            0x2ac5     0x2  Code  Wk  rtx_evr.o [2]
EvrRtxThreadDelayCompleted
                              0xb55     0x2  Code  Wk  rtx_evr.o [2]
EvrRtxThreadDestroyed         0xdb7     0x2  Code  Wk  rtx_evr.o [2]
EvrRtxThreadError             0xc8f     0x2  Code  Wk  rtx_evr.o [2]
EvrRtxThreadExit              0xdbf     0x2  Code  Wk  rtx_evr.o [2]
EvrRtxThreadFlagsWaitCompleted
                              0xb6d     0x2  Code  Wk  rtx_evr.o [2]
EvrRtxThreadFlagsWaitTimeout
                              0xb57     0x2  Code  Wk  rtx_evr.o [2]
EvrRtxThreadJoined            0xdb5     0x2  Code  Wk  rtx_evr.o [2]
EvrRtxThreadNew               0xdb9     0x2  Code  Wk  rtx_evr.o [2]
EvrRtxThreadPreempted         0xb67     0x2  Code  Wk  rtx_evr.o [2]
EvrRtxThreadSetPriority
                              0xdbb     0x2  Code  Wk  rtx_evr.o [2]
EvrRtxThreadSwitched          0xb69     0x2  Code  Wk  rtx_evr.o [2]
EvrRtxThreadUnblocked         0xb65     0x2  Code  Wk  rtx_evr.o [2]
EvrRtxThreadYield             0xdbd     0x2  Code  Wk  rtx_evr.o [2]
EvrRtxTimerCallback          0x3261     0x2  Code  Wk  rtx_evr.o [2]
GPIODirModeSet               0x28e9    0x28  Code  Gb  gpio.o [4]
GPIOPadConfigSet             0x2911   0x102  Code  Gb  gpio.o [4]
GPIOPinConfigure             0x2a85    0x36  Code  Gb  gpio.o [4]
GPIOPinTypeADC               0x2a1b     0x4  Code  Gb  gpio.o [4]
GPIOPinTypeGPIOOutput        0x2a39     0xa  Code  Gb  gpio.o [4]
GPIOPinTypePWM               0x2a55    0x14  Code  Gb  gpio.o [4]
GPIOPinTypeUART              0x2a71    0x14  Code  Gb  gpio.o [4]
GPIOPinWrite                 0x2a13     0x8  Code  Gb  gpio.o [4]
LEDInit                      0x19ed    0xec  Code  Gb  driverleds.o [1]
LEDWrite                     0x1ad9    0x64  Code  Gb  driverleds.o [1]
MessageQueueGet               0xe6d    0x40  Code  Lc  rtx_msgqueue.o [2]
MessageQueuePut               0xe21    0x4a  Code  Lc  rtx_msgqueue.o [2]
MessageQueueRemove            0xead    0x1a  Code  Lc  rtx_msgqueue.o [2]
OS_Tick_AcknowledgeIRQ       0x16e5     0xc  Code  Wk  os_systick.o [2]
OS_Tick_Enable               0x2f9d    0x2c  Code  Wk  os_systick.o [2]
OS_Tick_GetIRQn              0x2f95     0x6  Code  Wk  os_systick.o [2]
OS_Tick_Setup                0x2f55    0x40  Code  Wk  os_systick.o [2]
PWMGenConfigure              0x2c39    0x2e  Code  Gb  pwm.o [4]
PWMGenEnable                 0x2c91     0xc  Code  Gb  pwm.o [4]
PWMGenPeriodGet              0x2c7b    0x16  Code  Gb  pwm.o [4]
PWMGenPeriodSet              0x2c67    0x14  Code  Gb  pwm.o [4]
PWMOutputState               0x2cc1    0x14  Code  Gb  pwm.o [4]
PWMPulseWidthSet             0x2c9d    0x24  Code  Gb  pwm.o [4]
PWM_init                     0x1c49    0x7a  Code  Gb  PWM_funcs.o [1]
PWM_set_duty                 0x1cc3    0x36  Code  Gb  PWM_funcs.o [1]
PWM_thread                   0x1753    0x22  Code  Gb  main.o [1]
PWM_thread_id           0x2000'1424     0x4  Data  Gb  main.o [1]
PendST                  0x2000'1430     0x1  Data  Lc  os_systick.o [2]
PendSV_Handler               0x32fd          Code  Gb  irq_cm4f.o [2]
Region$$Table$$Base          0x3588           --   Gb  - Linker created -
Region$$Table$$Limit         0x35a8           --   Gb  - Linker created -
SVC_Handler                  0x3265          Code  Gb  irq_cm4f.o [2]
SysCtlClockFreqSet           0x2689   0x20a  Code  Gb  sysctl.o [4]
SysCtlPWMClockSet            0x2893     0xa  Code  Gb  sysctl.o [4]
SysCtlPeripheralEnable       0x266b     0x8  Code  Gb  sysctl.o [4]
SysCtlPeripheralReady        0x2649     0x8  Code  Gb  sysctl.o [4]
SysTick_Handler              0x330d          Code  Gb  irq_cm4f.o [2]
SystemCoreClock         0x2000'142c     0x4  Data  Gb  system_tm4c1294.o [1]
SystemInit                   0x2299    0x20  Code  Gb  system_tm4c1294.o [1]
ThreadFlagsCheck              0x26d    0x6c  Code  Lc  rtx_thread.o [2]
TimerInsert                  0x3185    0x38  Code  Lc  rtx_timer.o [2]
UARTConfigSetExpClk          0x2e69    0x5c  Code  Gb  uart.o [4]
UARTDisable                  0x2edf    0x22  Code  Gb  uart.o [4]
UARTEnable                   0x2ec5    0x1a  Code  Gb  uart.o [4]
UART_init                    0x22d5    0x66  Code  Gb  UART_funcs.o [1]
UART_thread                  0x174b     0x8  Code  Gb  main.o [1]
UART_thread_id          0x2000'1420     0x4  Data  Gb  main.o [1]
_SysCtlMemTimingGet          0x2629    0x20  Code  Lc  sysctl.o [4]
__Vectors                       0x0           --   Gb  startup_tm4c1294.o [1]
__Vectors_End                 0x26c          Data  Gb  startup_tm4c1294.o [1]
__Vectors_Size {Abs}          0x26c           --   Gb  startup_tm4c1294.o [1]
__aeabi_d2f                  0x214d          Code  Gb  DblToFlt.o [5]
__aeabi_d2uiz                0x2cd5          Code  Gb  DblToU32.o [5]
__aeabi_ddiv                 0x1f05          Code  Gb  DblDiv.o [5]
__aeabi_dmul                 0x1d61          Code  Gb  DblMul.o [5]
__aeabi_dsub                 0x21b5          Code  Gb  DblSub.o [5]
__aeabi_f2d                  0x1d19          Code  Gb  FltToDbl.o [5]
__aeabi_memclr               0x14f9          Code  Gb  ABImemclr.o [6]
__aeabi_memclr4               0xd15          Code  Gb  ABImemclr4.o [6]
__aeabi_memcpy               0x144d          Code  Gb  ABImemcpy.o [6]
__aeabi_memcpy4              0x146d          Code  Gb  ABImemcpy.o [6]
__aeabi_memcpy8              0x146d          Code  Gb  ABImemcpy.o [6]
__cmain                      0x35a9          Code  Gb  cmain.o [6]
__exit                       0x35dd    0x14  Code  Gb  exit.o [7]
__iar_Memset4_word            0xde9          Code  Gb  ABImemset48.o [6]
__iar_Memset8_word            0xde9          Code  Gb  ABImemset48.o [6]
__iar_Memset_word            0x1685          Code  Gb  ABImemset.o [6]
__iar_dadd                   0x21c5          Code  Gb  DblSub.o [5]
__iar_data_init3             0x34f5    0x28  Code  Gb  data_init.o [6]
__iar_dsub                   0x2cfd          Code  Gb  DblAdd.o [5]
__iar_dsubStart              0x2d0f          Code  Gb  DblAdd.o [5]
__iar_init_vfp               0x3565          Code  Gb  fpinit_M.o [5]
__iar_packbits_init_single3
                             0x348d    0x38  Code  Gb  packbits_init_single.o [6]
__iar_program_start          0x3619          Code  Gb  cstartup_M.o [6]
__iar_zero_init3              0xb6f    0x3a  Code  Gb  zero_init3.o [6]
__low_level_init             0x35c7     0x4  Code  Gb  low_level_init.o [3]
__vector_table                  0x0          Data  Gb  startup_tm4c1294.o [1]
__vector_table_0x1c            0x1c          Data  Gb  startup_tm4c1294.o [1]
_call_main                   0x35b5          Code  Gb  cmain.o [6]
_exit                        0x35d1          Code  Gb  cexit.o [6]
_main                        0x35c3          Code  Gb  cmain.o [6]
coef_a                       0x3628     0x4  Data  Gb  main.o [1]
coef_b                       0x362c     0x4  Data  Gb  main.o [1]
coef_c                       0x3630     0x4  Data  Gb  main.o [1]
coef_d                       0x3634     0x4  Data  Gb  main.o [1]
exit                         0x35cb     0x4  Code  Gb  exit.o [3]
g_pppui32XTALtoVCO           0x2fd4   0x1b0  Data  Lc  sysctl.o [4]
g_pui32GPIOBaseAddrs         0x3328    0x90  Data  Lc  gpio.o [4]
g_pui32VCOFrequencies        0x28e0     0x8  Data  Lc  sysctl.o [4]
g_pui32Xtals                 0x33b8    0x6c  Data  Lc  sysctl.o [4]
g_sXTALtoMEMTIM              0x34c4    0x30  Data  Lc  sysctl.o [4]
k                            0x3624     0x4  Data  Gb  main.o [1]
main                         0x18e7    0x94  Code  Gb  main.o [1]
mid_MsgQueue            0x2000'1410     0x4  Data  Gb  main.o [1]
mid_MsgQueue2           0x2000'1414     0x4  Data  Gb  main.o [1]
osDelay                      0x1b6d    0x3a  Code  Gb  rtx_delay.o [2]
osKernelGetState             0x258d    0x40  Code  Gb  rtx_kernel.o [2]
osKernelInitialize           0x2555    0x38  Code  Gb  rtx_kernel.o [2]
osKernelStart                0x25cd    0x34  Code  Gb  rtx_kernel.o [2]
osMessageQueueGet            0x13a9    0x90  Code  Gb  rtx_msgqueue.o [2]
osMessageQueueNew            0x12d1    0x3e  Code  Gb  rtx_msgqueue.o [2]
osMessageQueuePut            0x1311    0x98  Code  Gb  rtx_msgqueue.o [2]
osRtxConfig                  0x3424    0x68  Data  Gb  rtx_lib.o [1]
osRtxErrorNotify              0xdc1    0x20  Code  Wk  RTX_Config.o [1]
osRtxIdleThread               0xd13     0x2  Code  Wk  RTX_Config.o [1]
osRtxInfo               0x2000'0004    0xa4  Data  Gb  rtx_kernel.o [2]
osRtxKernelPreInit           0x2fcb     0x2  Code  Gb  rtx_lib.o [1]
osRtxMemoryAlloc              0xc91    0x82  Code  Wk  rtx_memory.o [2]
osRtxMemoryFree               0xd1d    0x4c  Code  Wk  rtx_memory.o [2]
osRtxMemoryInit              0x2f0b    0x44  Code  Wk  rtx_memory.o [2]
osRtxMemoryPoolAlloc          0xbf5    0x44  Code  Gb  rtx_mempool.o [2]
osRtxMemoryPoolFree           0xc39    0x56  Code  Gb  rtx_mempool.o [2]
osRtxMemoryPoolInit           0xba9    0x4a  Code  Gb  rtx_mempool.o [2]
osRtxMessageQueuePostProcess
                              0xec7    0xee  Code  Lc  rtx_msgqueue.o [2]
osRtxMutexOwnerRelease        0xd69    0x4c  Code  Gb  rtx_mutex.o [2]
osRtxPendSV_Handler          0x157d    0x8a  Code  Gb  rtx_system.o [2]
osRtxPostProcess             0x1609    0x6e  Code  Gb  rtx_system.o [2]
osRtxThreadBlock              0x52f    0x34  Code  Lc  rtx_thread.o [2]
osRtxThreadDelayInsert        0x353    0x66  Code  Lc  rtx_thread.o [2]
osRtxThreadDelayRemove        0x3b9    0x60  Code  Lc  rtx_thread.o [2]
osRtxThreadDelayTick          0x419   0x102  Code  Gb  rtx_thread.o [2]
osRtxThreadDispatch           0x57f    0x5c  Code  Gb  rtx_thread.o [2]
osRtxThreadFree               0x901    0x56  Code  Lc  rtx_thread.o [2]
osRtxThreadListGet            0x2fd    0x16  Code  Gb  rtx_thread.o [2]
osRtxThreadListPut            0x2d9    0x24  Code  Gb  rtx_thread.o [2]
osRtxThreadListRemove         0x335    0x16  Code  Gb  rtx_thread.o [2]
osRtxThreadListSort           0x313    0x22  Code  Gb  rtx_thread.o [2]
osRtxThreadPostProcess        0x651    0x50  Code  Lc  rtx_thread.o [2]
osRtxThreadReadyPut           0x34b     0x8  Code  Gb  rtx_thread.o [2]
osRtxThreadRegPtr             0x51b    0x14  Code  Gb  rtx_thread.o [2]
osRtxThreadStartup            0x9f1    0x3e  Code  Gb  rtx_thread.o [2]
osRtxThreadSwitch             0x563    0x1c  Code  Gb  rtx_thread.o [2]
osRtxThreadWaitEnter          0x615    0x3c  Code  Gb  rtx_thread.o [2]
osRtxThreadWaitExit           0x5e1    0x2e  Code  Gb  rtx_thread.o [2]
osRtxTick_Handler            0x150d    0x6e  Code  Gb  rtx_system.o [2]
osRtxTimerThread             0x3215    0x4c  Code  Wk  rtx_timer.o [2]
osRtxTimerTick               0x31bd    0x54  Code  Lc  rtx_timer.o [2]
osRtxUserSVC                 0x3638     0x4  Data  Wk  rtx_lib.o [1]
osThreadExit                  0xaed    0x16  Code  Gb  rtx_thread.o [2]
osThreadNew                   0xa31    0x40  Code  Gb  rtx_thread.o [2]
osThreadSetPriority           0xa71    0x40  Code  Gb  rtx_thread.o [2]
osThreadYield                 0xab1    0x36  Code  Gb  rtx_thread.o [2]
os_idle_thread_attr          0x351c    0x24  Data  Lc  rtx_lib.o [1]
os_idle_thread_cb       0x2000'12f8    0x44  Data  Lc  rtx_lib.o [1]
os_idle_thread_stack    0x2000'10a8   0x100  Data  Lc  rtx_lib.o [1]
os_isr_queue            0x2000'1380    0x40  Data  Lc  rtx_lib.o [1]
os_mem                  0x2000'00a8  0x1000  Data  Lc  rtx_lib.o [1]
os_timer_mq_attr             0x35f0    0x18  Data  Lc  rtx_lib.o [1]
os_timer_mq_cb          0x2000'13c0    0x34  Data  Lc  rtx_lib.o [1]
os_timer_mq_data        0x2000'12a8    0x50  Data  Lc  rtx_lib.o [1]
os_timer_thread_attr         0x3540    0x24  Data  Lc  rtx_lib.o [1]
os_timer_thread_cb      0x2000'133c    0x44  Data  Lc  rtx_lib.o [1]
os_timer_thread_stack   0x2000'11a8   0x100  Data  Lc  rtx_lib.o [1]
r                       0x2000'0000     0x4  Data  Lc  main.o [1]
svcRtxDelay                  0x1b55    0x16  Code  Lc  rtx_delay.o [2]
svcRtxKernelGetState         0x24ab    0x12  Code  Lc  rtx_kernel.o [2]
svcRtxKernelInitialize       0x2365   0x146  Code  Lc  rtx_kernel.o [2]
svcRtxKernelStart            0x24bd    0x98  Code  Lc  rtx_kernel.o [2]
svcRtxMessageQueueGet        0x11b9    0xee  Code  Lc  rtx_msgqueue.o [2]
svcRtxMessageQueueNew         0xfb5   0x130  Code  Lc  rtx_msgqueue.o [2]
svcRtxMessageQueuePut        0x10e5    0xd4  Code  Lc  rtx_msgqueue.o [2]
svcRtxThreadExit              0x957    0x96  Code  Lc  rtx_thread.o [2]
svcRtxThreadNew               0x6a1   0x1c8  Code  Lc  rtx_thread.o [2]
svcRtxThreadSetPriority
                              0x86f    0x4a  Code  Lc  rtx_thread.o [2]
svcRtxThreadYield             0x8b9    0x48  Code  Lc  rtx_thread.o [2]
thread1                      0x16f1    0x1c  Code  Gb  main.o [1]
thread1_id              0x2000'1418     0x4  Data  Gb  main.o [1]
y                       0x2000'140c     0x4  Data  Lc  main.o [1]


[1] = C:\Users\yuri_\Desktop\Sistemas Operacionais\Tiva_RTOS2_IAR8\tarefas\ewarm\Obj
[2] = RTX_CM4F.a
[3] = dl7M_tln.a
[4] = driverlib.a
[5] = m7M_tls.a
[6] = rt7M_tl.a
[7] = shb_l.a

  12'920 bytes of readonly  code memory
   1'009 bytes of readonly  data memory
  37'937 bytes of readwrite data memory

Errors: none
Warnings: none
