###############################################################################
#
# IAR ELF Linker V8.40.1.212/W32 for ARM                  07/Jul/2019  18:36:43
# Copyright 2007-2019 IAR Systems AB.
#
#    Output file  =
#        C:\Users\yuri_\Desktop\Sistemas
#        Operacionais\Tiva_RTOS2_IAR8\tarefas\ewarm\Exe\tarefas.out
#    Map file     =
#        C:\Users\yuri_\Desktop\Sistemas
#        Operacionais\Tiva_RTOS2_IAR8\tarefas\ewarm\List\tarefas.map
#    Command line =
#        -f C:\Users\yuri_\AppData\Local\Temp\EW3902.tmp
#        ("C:\Users\yuri_\Desktop\Sistemas
#        Operacionais\Tiva_RTOS2_IAR8\tarefas\ewarm\Obj\ADC_funcs.o"
#        "C:\Users\yuri_\Desktop\Sistemas
#        Operacionais\Tiva_RTOS2_IAR8\tarefas\ewarm\Obj\driverleds.o"
#        "C:\Users\yuri_\Desktop\Sistemas
#        Operacionais\Tiva_RTOS2_IAR8\driverlib\ewarm\Exe\driverlib.a"
#        "C:\Users\yuri_\Desktop\Sistemas
#        Operacionais\Tiva_RTOS2_IAR8\tarefas\ewarm\Obj\main.o"
#        "C:\Users\yuri_\Desktop\Sistemas
#        Operacionais\Tiva_RTOS2_IAR8\tarefas\ewarm\Obj\PWM_funcs.o"
#        "C:\Users\yuri_\Desktop\Sistemas
#        Operacionais\Tiva_RTOS2_IAR8\CMSIS\RTOS2\RTX\Library\IAR\RTX_CM4F.a"
#        "C:\Users\yuri_\Desktop\Sistemas
#        Operacionais\Tiva_RTOS2_IAR8\tarefas\ewarm\Obj\RTX_Config.o"
#        "C:\Users\yuri_\Desktop\Sistemas
#        Operacionais\Tiva_RTOS2_IAR8\tarefas\ewarm\Obj\rtx_lib.o"
#        "C:\Users\yuri_\Desktop\Sistemas
#        Operacionais\Tiva_RTOS2_IAR8\tarefas\ewarm\Obj\startup_tm4c1294.o"
#        "C:\Users\yuri_\Desktop\Sistemas
#        Operacionais\Tiva_RTOS2_IAR8\tarefas\ewarm\Obj\system_tm4c1294.o"
#        "C:\Users\yuri_\Desktop\Sistemas
#        Operacionais\Tiva_RTOS2_IAR8\tarefas\ewarm\Obj\UART_funcs.o"
#        --no_out_extension -o "C:\Users\yuri_\Desktop\Sistemas
#        Operacionais\Tiva_RTOS2_IAR8\tarefas\ewarm\Exe\tarefas.out" --map
#        "C:\Users\yuri_\Desktop\Sistemas
#        Operacionais\Tiva_RTOS2_IAR8\tarefas\ewarm\List\tarefas.map" --config
#        "D:\Program Files (x86)\IAR Systems\Embedded Workbench
#        8.3\arm\config\linker\TexasInstruments\TM4C1294NC.icf" --semihosting
#        --entry __iar_program_start --vfe --text_out locale)
#
###############################################################################

*******************************************************************************
*** RUNTIME MODEL ATTRIBUTES
***

CppFlavor       = *
__SystemLibrary = DLib
__dlib_version  = 6


*******************************************************************************
*** HEAP SELECTION
***

The basic heap was selected because no calls to memory allocation
functions were found in the application outside of system library
functions, and there are calls to deallocation functions in the
application.


*******************************************************************************
*** PLACEMENT SUMMARY
***

"A0":  place at address 0x0 { ro section .intvec };
"P1":  place in [from 0x0 to 0xf'ffff] { ro };
define block CSTACK with size = 32K, alignment = 8 { };
define block HEAP with size = 64K, alignment = 8 { };
"P2":  place in [from 0x2000'0000 to 0x2003'ffff] {
          rw, block CSTACK, block HEAP };
initialize by copy { rw };

  Section               Kind         Address    Size  Object
  -------               ----         -------    ----  ------
"A0":                                          0x26c
  .intvec               ro code          0x0   0x26c  startup_tm4c1294.o [1]
                                     - 0x26c   0x26c

"P1":                                         0x2d85
  .text                 ro code        0x26c   0x838  rtx_thread.o [2]
  .text                 ro code        0xaa4     0x2  rtx_evr.o [2]
  .text                 ro code        0xaa6     0x2  rtx_evr.o [2]
  .text                 ro code        0xaa8     0x2  rtx_evr.o [2]
  .text                 ro code        0xaaa     0x2  rtx_evr.o [2]
  .text                 ro code        0xaac     0x2  rtx_evr.o [2]
  .text                 ro code        0xaae     0x2  rtx_evr.o [2]
  .text                 ro code        0xab0     0x2  rtx_evr.o [2]
  .text                 ro code        0xab2     0x2  rtx_evr.o [2]
  .text                 ro code        0xab4     0x2  rtx_evr.o [2]
  .text                 ro code        0xab6     0x2  rtx_evr.o [2]
  .text                 ro code        0xab8     0x2  rtx_evr.o [2]
  .text                 ro code        0xaba     0x2  rtx_evr.o [2]
  .text                 ro code        0xabc     0x2  rtx_evr.o [2]
  .text                 ro code        0xabe    0x3a  zero_init3.o [6]
  .text                 ro code        0xaf8    0xe6  rtx_mempool.o [2]
  .text                 ro code        0xbde     0x2  rtx_evr.o [2]
  .text                 ro code        0xbe0    0x82  rtx_memory.o [2]
  .text                 ro code        0xc62     0x2  RTX_Config.o [1]
  .text                 ro code        0xc64     0x6  ABImemclr4.o [6]
  .text                 ro code        0xc6a     0x2  rtx_evr.o [2]
  .text                 ro code        0xc6c    0x4c  rtx_memory.o [2]
  .text                 ro code        0xcb8    0x4c  rtx_mutex.o [2]
  .text                 ro code        0xd04     0x2  rtx_evr.o [2]
  .text                 ro code        0xd06     0x2  rtx_evr.o [2]
  .text                 ro code        0xd08     0x2  rtx_evr.o [2]
  .text                 ro code        0xd0a     0x2  rtx_evr.o [2]
  .text                 ro code        0xd0c     0x2  rtx_evr.o [2]
  .text                 ro code        0xd0e    0x20  RTX_Config.o [1]
  .text                 ro code        0xd2e     0x2  rtx_evr.o [2]
  .text                 ro code        0xd30     0x2  rtx_evr.o [2]
  .text                 ro code        0xd32     0x2  rtx_evr.o [2]
  .text                 ro code        0xd34     0x2  rtx_evr.o [2]
  .text                 ro code        0xd38    0x32  ABImemset48.o [6]
  .text                 ro code        0xd6a     0x2  rtx_evr.o [2]
  .text                 ro code        0xd6c     0x2  rtx_evr.o [2]
  .text                 ro code        0xd6e     0x2  rtx_evr.o [2]
  .text                 ro code        0xd70   0x62c  rtx_msgqueue.o [2]
  .text                 ro code       0x139c    0xa6  ABImemcpy.o [6]
  .text                 ro code       0x1442     0x2  rtx_evr.o [2]
  .text                 ro code       0x1444     0x2  rtx_evr.o [2]
  .text                 ro code       0x1446     0x2  rtx_evr.o [2]
  .text                 ro code       0x1448     0x6  ABImemclr.o [6]
  .text                 ro code       0x144e     0x2  rtx_evr.o [2]
  .text                 ro code       0x1450     0x2  rtx_evr.o [2]
  .text                 ro code       0x1452     0x2  rtx_evr.o [2]
  .text                 ro code       0x1454     0x2  rtx_evr.o [2]
  .text                 ro code       0x1456     0x2  rtx_evr.o [2]
  .text                 ro code       0x1458     0x2  rtx_evr.o [2]
  .text                 ro code       0x145a     0x2  rtx_evr.o [2]
  .text                 ro code       0x145c   0x174  rtx_system.o [2]
  .text                 ro code       0x15d0     0x2  rtx_evr.o [2]
  .text                 ro code       0x15d2     0x2  rtx_evr.o [2]
  .text                 ro code       0x15d4    0x5e  ABImemset.o [6]
  .text                 ro code       0x1634     0xc  os_systick.o [2]
  .text                 ro code       0x1640   0x2f8  rtx_kernel.o [2]
  .text                 ro code       0x1938     0x2  rtx_evr.o [2]
  .text                 ro code       0x193a    0x44  rtx_memory.o [2]
  .text                 ro code       0x197e     0x2  rtx_evr.o [2]
  .text                 ro code       0x1980     0x2  rtx_evr.o [2]
  .text                 ro code       0x1984    0x40  os_systick.o [2]
  .text                 ro code       0x19c4     0x6  os_systick.o [2]
  .text                 ro code       0x19cc    0x2c  os_systick.o [2]
  .text                 ro code       0x19f8     0x2  rtx_evr.o [2]
  .text                 ro code       0x19fa     0x2  rtx_lib.o [1]
  .text                 ro code       0x19fc     0x2  rtx_evr.o [2]
  .text                 ro code       0x19fe     0x2  rtx_evr.o [2]
  .text                 ro code       0x1a00     0x2  rtx_evr.o [2]
  .text                 ro code       0x1a02     0x2  rtx_evr.o [2]
  .text                 ro code       0x1a04   0x2c0  sysctl.o [4]
  .text                 ro code       0x1cc4   0x1dc  gpio.o [4]
  .rodata               const         0x1ea0   0x1b0  sysctl.o [4]
  .text                 ro code       0x2050   0x1a2  DblMul.o [5]
  .text                 ro code       0x21f4   0x170  adc.o [4]
  .text                 ro code       0x2364   0x168  driverleds.o [1]
  .text                 ro code       0x24cc   0x154  main.o [1]
  .text                 ro code       0x2620    0xcc  rtx_delay.o [2]
  .text                 ro code       0x26ec    0x9c  ADC_funcs.o [1]
  .text                 ro code       0x2788    0xb4  UART_funcs.o [1]
  .text                 ro code       0x283c    0xd0  PWM_funcs.o [1]
  .text                 ro code       0x290c    0x3c  system_tm4c1294.o [1]
  .text                 ro code       0x2948     0x2  rtx_evr.o [2]
  .text                 ro code       0x294a     0x2  rtx_evr.o [2]
  .text                 ro code       0x294c    0xb6  uart.o [4]
  .text                 ro code       0x2a04    0x9c  pwm.o [4]
  .text                 ro code       0x2aa0    0x48  FltToDbl.o [5]
  .text                 ro code       0x2ae8    0x28  DblToU32.o [5]
  .text                 ro code       0x2b10    0xdc  rtx_timer.o [2]
  .text                 ro code       0x2bec     0x2  rtx_evr.o [2]
  .text                 ro code       0x2bf0    0xc4  irq_cm4f.o [2]
  .rodata               const         0x2cb4    0x90  gpio.o [4]
  .rodata               const         0x2d44    0x6c  sysctl.o [4]
  .rodata               const         0x2db0    0x68  rtx_lib.o [1]
  .text                 ro code       0x2e18    0x38  packbits_init_single.o [6]
  .rodata               const         0x2e50    0x30  sysctl.o [4]
  .text                 ro code       0x2e80    0x28  data_init.o [6]
  .rodata               const         0x2ea8    0x24  rtx_lib.o [1]
  .rodata               const         0x2ecc    0x24  rtx_lib.o [1]
  .text                 ro code       0x2ef0    0x22  fpinit_M.o [5]
  .iar.init_table       const         0x2f14    0x20  - Linker created -
  .text                 ro code       0x2f34    0x1e  cmain.o [6]
  .text                 ro code       0x2f52     0x4  low_level_init.o [3]
  .text                 ro code       0x2f56     0x4  exit.o [3]
  .text                 ro code       0x2f5c     0xa  cexit.o [6]
  .text                 ro code       0x2f68    0x14  exit.o [7]
  .rodata               const         0x2f7c    0x18  rtx_lib.o [1]
  .rodata               const         0x2f94    0x14  main.o [1]
  .text                 ro code       0x2fa8    0x10  startup_tm4c1294.o [1]
  .text                 ro code       0x2fb8     0xc  cstartup_M.o [6]
  .rodata               const         0x2fc4     0x4  rtx_lib.o [1]
  .text                 ro code       0x2fc8     0x4  startup_tm4c1294.o [1]
  .text                 ro code       0x2fcc     0x4  startup_tm4c1294.o [1]
  .text                 ro code       0x2fd0     0x4  startup_tm4c1294.o [1]
  .text                 ro code       0x2fd4     0x4  startup_tm4c1294.o [1]
  .text                 ro code       0x2fd8     0x4  startup_tm4c1294.o [1]
  .text                 ro code       0x2fdc     0x4  startup_tm4c1294.o [1]
  .text                 ro code       0x2fe0     0x4  startup_tm4c1294.o [1]
  .rodata               const         0x2fe4     0x0  zero_init3.o [6]
  .rodata               const         0x2fe4     0x0  packbits_init_single.o [6]
  Initializer bytes     const         0x2fe4     0xd  <for P2-1>
                                    - 0x2ff1  0x2d85

"P2", part 1 of 3:                              0xa4
  P2-1                           0x2000'0000    0xa4  <Init block>
    .data.os            inited   0x2000'0000    0xa4  rtx_kernel.o [2]
                               - 0x2000'00a4    0xa4

"P2", part 2 of 3:                            0x1370
  .bss.os               zero     0x2000'00a8  0x1000  rtx_lib.o [1]
  .bss.os.thread.stack  zero     0x2000'10a8   0x100  rtx_lib.o [1]
  .bss.os.thread.stack  zero     0x2000'11a8   0x100  rtx_lib.o [1]
  .bss.os.msgqueue.mem  zero     0x2000'12a8    0x50  rtx_lib.o [1]
  .bss.os.thread.cb     zero     0x2000'12f8    0x44  rtx_lib.o [1]
  .bss.os.thread.cb     zero     0x2000'133c    0x44  rtx_lib.o [1]
  .bss.os               zero     0x2000'1380    0x40  rtx_lib.o [1]
  .bss.os.msgqueue.cb   zero     0x2000'13c0    0x34  rtx_lib.o [1]
  .bss                  zero     0x2000'13f4     0x4  main.o [1]
  .bss                  zero     0x2000'13f8     0x4  main.o [1]
  .bss                  zero     0x2000'13fc     0x4  main.o [1]
  .bss                  zero     0x2000'1400     0x4  main.o [1]
  .bss                  zero     0x2000'1404     0x4  main.o [1]
  .bss                  zero     0x2000'1408     0x4  main.o [1]
  .bss                  zero     0x2000'140c     0x4  system_tm4c1294.o [1]
  .bss                  zero     0x2000'1410     0x1  os_systick.o [2]
                               - 0x2000'1411  0x136d

"P2", part 3 of 3:                            0x8000
  CSTACK                         0x2000'1418  0x8000  <Block>
    CSTACK              uninit   0x2000'1418  0x8000  <Block tail>
                               - 0x2000'9418  0x8000

Unused ranges:

         From           To      Size
         ----           --      ----
       0x2ff1     0xf'ffff  0xf'd00f
  0x2000'1414  0x2000'1417       0x4
  0x2000'9418  0x2003'ffff  0x3'6be8


*******************************************************************************
*** INIT TABLE
***

          Address      Size
          -------      ----
Zero (__iar_zero_init3)
    1 destination range, total size 0x1369:
          0x2000'00a8  0x1369

Copy/packbits (__iar_packbits_init_single3)
    1 source range, total size 0xd (7% of destination):
               0x2fe4     0xd
    1 destination range, total size 0xa4:
          0x2000'0000    0xa4



*******************************************************************************
*** MODULE SUMMARY
***

    Module                  ro code  ro data  rw data
    ------                  -------  -------  -------
command line/config:
    -------------------------------------------------
    Total:

C:\Users\yuri_\Desktop\Sistemas Operacionais\Tiva_RTOS2_IAR8\tarefas\ewarm\Obj: [1]
    ADC_funcs.o                 156
    PWM_funcs.o                 208
    RTX_Config.o                 34
    UART_funcs.o                180
    driverleds.o                360
    main.o                      340       20       24
    rtx_lib.o                     2      204    4'940
    startup_tm4c1294.o          664
    system_tm4c1294.o            60                 4
    -------------------------------------------------
    Total:                    2'004      224    4'968

RTX_CM4F.a: [2]
    irq_cm4f.o                  196
    os_systick.o                126                 1
    rtx_delay.o                 204
    rtx_evr.o                   100
    rtx_kernel.o                760       13      164
    rtx_memory.o                274
    rtx_mempool.o               230
    rtx_msgqueue.o            1'580
    rtx_mutex.o                  76
    rtx_system.o                372
    rtx_thread.o              2'104
    rtx_timer.o                 220
    -------------------------------------------------
    Total:                    6'242       13      165

dl7M_tln.a: [3]
    exit.o                        4
    low_level_init.o              4
    -------------------------------------------------
    Total:                        8

driverlib.a: [4]
    adc.o                       368
    gpio.o                      476      144
    pwm.o                       156
    sysctl.o                    704      588
    uart.o                      182
    -------------------------------------------------
    Total:                    1'886      732

m7M_tls.a: [5]
    DblMul.o                    418
    DblToU32.o                   40
    FltToDbl.o                   72
    fpinit_M.o                   34
    -------------------------------------------------
    Total:                      564

rt7M_tl.a: [6]
    ABImemclr.o                   6
    ABImemclr4.o                  6
    ABImemcpy.o                 166
    ABImemset.o                  94
    ABImemset48.o                50
    cexit.o                      10
    cmain.o                      30
    cstartup_M.o                 12
    data_init.o                  40
    packbits_init_single.o       56
    zero_init3.o                 58
    -------------------------------------------------
    Total:                      528

shb_l.a: [7]
    exit.o                       20
    -------------------------------------------------
    Total:                       20

    Gaps                         18        2        4
    Linker created                        32   32'768
-----------------------------------------------------
    Grand Total:             11'270    1'003   37'905


*******************************************************************************
*** ENTRY LIST
***

Entry                       Address    Size  Type      Object
-----                       -------    ----  ----      ------
.iar.init_table$$Base        0x2f14           --   Gb  - Linker created -
.iar.init_table$$Limit       0x2f34           --   Gb  - Linker created -
?main                        0x2f35          Code  Gb  cmain.o [6]
ADCIntClear                  0x2221     0x8  Code  Gb  adc.o [4]
ADCIntStatus                 0x21f5    0x2c  Code  Gb  adc.o [4]
ADCProcessorTrigger          0x2339    0x1c  Code  Gb  adc.o [4]
ADCSequenceConfigure         0x222f    0x54  Code  Gb  adc.o [4]
ADCSequenceDataGet           0x2311    0x28  Code  Gb  adc.o [4]
ADCSequenceEnable            0x2229     0x6  Code  Gb  adc.o [4]
ADCSequenceStepConfigure
                             0x2283    0x76  Code  Gb  adc.o [4]
ADC_get_value                0x2747    0x30  Code  Gb  ADC_funcs.o [1]
ADC_init                     0x26ed    0x5a  Code  Gb  ADC_funcs.o [1]
ADC_thread                   0x2509    0x1c  Code  Gb  main.o [1]
ADC_thread_id           0x2000'1400     0x4  Data  Gb  main.o [1]
CSTACK$$Base            0x2000'1418           --   Gb  - Linker created -
CSTACK$$Limit           0x2000'9418           --   Gb  - Linker created -
EvrRtxEventFlagsWaitTimeout
                              0xaa9     0x2  Code  Wk  rtx_evr.o [2]
EvrRtxKernelError            0x1939     0x2  Code  Wk  rtx_evr.o [2]
EvrRtxKernelGetState         0x1981     0x2  Code  Wk  rtx_evr.o [2]
EvrRtxKernelGetTickCount
                             0x1a01     0x2  Code  Wk  rtx_evr.o [2]
EvrRtxKernelInitialize       0x19fd     0x2  Code  Wk  rtx_evr.o [2]
EvrRtxKernelInitialized
                             0x197f     0x2  Code  Wk  rtx_evr.o [2]
EvrRtxKernelStart            0x19ff     0x2  Code  Wk  rtx_evr.o [2]
EvrRtxKernelStarted          0x19f9     0x2  Code  Wk  rtx_evr.o [2]
EvrRtxMemoryAlloc             0xd35     0x2  Code  Wk  rtx_evr.o [2]
EvrRtxMemoryBlockAlloc        0xd31     0x2  Code  Wk  rtx_evr.o [2]
EvrRtxMemoryBlockFree         0xd33     0x2  Code  Wk  rtx_evr.o [2]
EvrRtxMemoryBlockInit         0xd2f     0x2  Code  Wk  rtx_evr.o [2]
EvrRtxMemoryFree              0xd6b     0x2  Code  Wk  rtx_evr.o [2]
EvrRtxMemoryInit             0x1a03     0x2  Code  Wk  rtx_evr.o [2]
EvrRtxMemoryPoolAllocTimeout
                              0xaaf     0x2  Code  Wk  rtx_evr.o [2]
EvrRtxMessageQueueCreated
                             0x144f     0x2  Code  Wk  rtx_evr.o [2]
EvrRtxMessageQueueError
                             0x1447     0x2  Code  Wk  rtx_evr.o [2]
EvrRtxMessageQueueGet        0x15d3     0x2  Code  Wk  rtx_evr.o [2]
EvrRtxMessageQueueGetPending
                             0x1455     0x2  Code  Wk  rtx_evr.o [2]
EvrRtxMessageQueueGetTimeout
                              0xab1     0x2  Code  Wk  rtx_evr.o [2]
EvrRtxMessageQueueInsertPending
                             0x15d1     0x2  Code  Wk  rtx_evr.o [2]
EvrRtxMessageQueueInserted
                             0x1443     0x2  Code  Wk  rtx_evr.o [2]
EvrRtxMessageQueueNew        0x1459     0x2  Code  Wk  rtx_evr.o [2]
EvrRtxMessageQueueNotInserted
                             0x1453     0x2  Code  Wk  rtx_evr.o [2]
EvrRtxMessageQueueNotRetrieved
                             0x1457     0x2  Code  Wk  rtx_evr.o [2]
EvrRtxMessageQueuePut        0x145b     0x2  Code  Wk  rtx_evr.o [2]
EvrRtxMessageQueuePutPending
                             0x1451     0x2  Code  Wk  rtx_evr.o [2]
EvrRtxMessageQueuePutTimeout
                              0xab3     0x2  Code  Wk  rtx_evr.o [2]
EvrRtxMessageQueueRetrieved
                             0x1445     0x2  Code  Wk  rtx_evr.o [2]
EvrRtxMutexAcquireTimeout
                              0xaab     0x2  Code  Wk  rtx_evr.o [2]
EvrRtxMutexAcquired           0xd6f     0x2  Code  Wk  rtx_evr.o [2]
EvrRtxMutexReleased           0xd6d     0x2  Code  Wk  rtx_evr.o [2]
EvrRtxSemaphoreAcquireTimeout
                              0xaad     0x2  Code  Wk  rtx_evr.o [2]
EvrRtxThreadBlocked           0xabb     0x2  Code  Wk  rtx_evr.o [2]
EvrRtxThreadCreated           0xc6b     0x2  Code  Wk  rtx_evr.o [2]
EvrRtxThreadDelay            0x2949     0x2  Code  Wk  rtx_evr.o [2]
EvrRtxThreadDelayCompleted
                              0xaa5     0x2  Code  Wk  rtx_evr.o [2]
EvrRtxThreadDelayUntil       0x294b     0x2  Code  Wk  rtx_evr.o [2]
EvrRtxThreadDestroyed         0xd07     0x2  Code  Wk  rtx_evr.o [2]
EvrRtxThreadError             0xbdf     0x2  Code  Wk  rtx_evr.o [2]
EvrRtxThreadExit              0xd0d     0x2  Code  Wk  rtx_evr.o [2]
EvrRtxThreadFlagsWaitCompleted
                              0xabd     0x2  Code  Wk  rtx_evr.o [2]
EvrRtxThreadFlagsWaitTimeout
                              0xaa7     0x2  Code  Wk  rtx_evr.o [2]
EvrRtxThreadJoined            0xd05     0x2  Code  Wk  rtx_evr.o [2]
EvrRtxThreadNew               0xd09     0x2  Code  Wk  rtx_evr.o [2]
EvrRtxThreadPreempted         0xab7     0x2  Code  Wk  rtx_evr.o [2]
EvrRtxThreadSwitched          0xab9     0x2  Code  Wk  rtx_evr.o [2]
EvrRtxThreadUnblocked         0xab5     0x2  Code  Wk  rtx_evr.o [2]
EvrRtxThreadYield             0xd0b     0x2  Code  Wk  rtx_evr.o [2]
EvrRtxTimerCallback          0x2bed     0x2  Code  Wk  rtx_evr.o [2]
GPIODirModeSet               0x1cc5    0x28  Code  Gb  gpio.o [4]
GPIOPadConfigSet             0x1ced   0x102  Code  Gb  gpio.o [4]
GPIOPinConfigure             0x1e61    0x36  Code  Gb  gpio.o [4]
GPIOPinTypeADC               0x1df7     0x4  Code  Gb  gpio.o [4]
GPIOPinTypeGPIOOutput        0x1e15     0xa  Code  Gb  gpio.o [4]
GPIOPinTypePWM               0x1e31    0x14  Code  Gb  gpio.o [4]
GPIOPinTypeUART              0x1e4d    0x14  Code  Gb  gpio.o [4]
GPIOPinWrite                 0x1def     0x8  Code  Gb  gpio.o [4]
LEDInit                      0x2365    0xec  Code  Gb  driverleds.o [1]
LEDWrite                     0x2451    0x64  Code  Gb  driverleds.o [1]
MessageQueueGet               0xdbd    0x40  Code  Lc  rtx_msgqueue.o [2]
MessageQueuePut               0xd71    0x4a  Code  Lc  rtx_msgqueue.o [2]
MessageQueueRemove            0xdfd    0x1a  Code  Lc  rtx_msgqueue.o [2]
OS_Tick_AcknowledgeIRQ       0x1635     0xc  Code  Wk  os_systick.o [2]
OS_Tick_Enable               0x19cd    0x2c  Code  Wk  os_systick.o [2]
OS_Tick_GetIRQn              0x19c5     0x6  Code  Wk  os_systick.o [2]
OS_Tick_Setup                0x1985    0x40  Code  Wk  os_systick.o [2]
PWMGenConfigure              0x2a05    0x2e  Code  Gb  pwm.o [4]
PWMGenEnable                 0x2a5d     0xc  Code  Gb  pwm.o [4]
PWMGenPeriodGet              0x2a47    0x16  Code  Gb  pwm.o [4]
PWMGenPeriodSet              0x2a33    0x14  Code  Gb  pwm.o [4]
PWMOutputState               0x2a8d    0x14  Code  Gb  pwm.o [4]
PWMPulseWidthSet             0x2a69    0x24  Code  Gb  pwm.o [4]
PWM_init                     0x283d    0x7c  Code  Gb  PWM_funcs.o [1]
PWM_set_duty                 0x28b9    0x36  Code  Gb  PWM_funcs.o [1]
PWM_thread                   0x2545    0x2a  Code  Gb  main.o [1]
PWM_thread_id           0x2000'1408     0x4  Data  Gb  main.o [1]
PendST                  0x2000'1410     0x1  Data  Lc  os_systick.o [2]
PendSV_Handler               0x2c89          Code  Gb  irq_cm4f.o [2]
Region$$Table$$Base          0x2f14           --   Gb  - Linker created -
Region$$Table$$Limit         0x2f34           --   Gb  - Linker created -
SVC_Handler                  0x2bf1          Code  Gb  irq_cm4f.o [2]
SysCtlClockFreqSet           0x1a65   0x20a  Code  Gb  sysctl.o [4]
SysCtlPWMClockSet            0x1c6f     0xa  Code  Gb  sysctl.o [4]
SysCtlPeripheralEnable       0x1a47     0x8  Code  Gb  sysctl.o [4]
SysCtlPeripheralReady        0x1a25     0x8  Code  Gb  sysctl.o [4]
SysTick_Handler              0x2c99          Code  Gb  irq_cm4f.o [2]
SystemCoreClock         0x2000'140c     0x4  Data  Gb  system_tm4c1294.o [1]
SystemInit                   0x290d    0x20  Code  Gb  system_tm4c1294.o [1]
ThreadFlagsCheck              0x26d    0x6c  Code  Lc  rtx_thread.o [2]
TimerInsert                  0x2b11    0x38  Code  Lc  rtx_timer.o [2]
UARTCharPutNonBlocking       0x29ed    0x16  Code  Gb  uart.o [4]
UARTConfigSetExpClk          0x294d    0x5c  Code  Gb  uart.o [4]
UARTDisable                  0x29c3    0x22  Code  Gb  uart.o [4]
UARTEnable                   0x29a9    0x1a  Code  Gb  uart.o [4]
UART_init                    0x2789    0x66  Code  Gb  UART_funcs.o [1]
UART_send_byte               0x27ef    0x24  Code  Gb  UART_funcs.o [1]
UART_thread                  0x2525    0x1e  Code  Gb  main.o [1]
UART_thread_id          0x2000'1404     0x4  Data  Gb  main.o [1]
_SysCtlMemTimingGet          0x1a05    0x20  Code  Lc  sysctl.o [4]
__Vectors                       0x0           --   Gb  startup_tm4c1294.o [1]
__Vectors_End                 0x26c          Data  Gb  startup_tm4c1294.o [1]
__Vectors_Size {Abs}          0x26c           --   Gb  startup_tm4c1294.o [1]
__aeabi_d2uiz                0x2ae9          Code  Gb  DblToU32.o [5]
__aeabi_dmul                 0x2051          Code  Gb  DblMul.o [5]
__aeabi_f2d                  0x2aa1          Code  Gb  FltToDbl.o [5]
__aeabi_memclr               0x1449          Code  Gb  ABImemclr.o [6]
__aeabi_memclr4               0xc65          Code  Gb  ABImemclr4.o [6]
__aeabi_memcpy               0x139d          Code  Gb  ABImemcpy.o [6]
__aeabi_memcpy4              0x13bd          Code  Gb  ABImemcpy.o [6]
__aeabi_memcpy8              0x13bd          Code  Gb  ABImemcpy.o [6]
__cmain                      0x2f35          Code  Gb  cmain.o [6]
__exit                       0x2f69    0x14  Code  Gb  exit.o [7]
__iar_Memset4_word            0xd39          Code  Gb  ABImemset48.o [6]
__iar_Memset8_word            0xd39          Code  Gb  ABImemset48.o [6]
__iar_Memset_word            0x15d5          Code  Gb  ABImemset.o [6]
__iar_data_init3             0x2e81    0x28  Code  Gb  data_init.o [6]
__iar_init_vfp               0x2ef1          Code  Gb  fpinit_M.o [5]
__iar_packbits_init_single3
                             0x2e19    0x38  Code  Gb  packbits_init_single.o [6]
__iar_program_start          0x2fb9          Code  Gb  cstartup_M.o [6]
__iar_zero_init3              0xabf    0x3a  Code  Gb  zero_init3.o [6]
__low_level_init             0x2f53     0x4  Code  Gb  low_level_init.o [3]
__vector_table                  0x0          Data  Gb  startup_tm4c1294.o [1]
__vector_table_0x1c            0x1c          Data  Gb  startup_tm4c1294.o [1]
_call_main                   0x2f41          Code  Gb  cmain.o [6]
_exit                        0x2f5d          Code  Gb  cexit.o [6]
_main                        0x2f4f          Code  Gb  cmain.o [6]
exit                         0x2f57     0x4  Code  Gb  exit.o [3]
g_pppui32XTALtoVCO           0x1ea0   0x1b0  Data  Lc  sysctl.o [4]
g_pui32GPIOBaseAddrs         0x2cb4    0x90  Data  Lc  gpio.o [4]
g_pui32VCOFrequencies        0x1cbc     0x8  Data  Lc  sysctl.o [4]
g_pui32Xtals                 0x2d44    0x6c  Data  Lc  sysctl.o [4]
g_sXTALtoMEMTIM              0x2e50    0x30  Data  Lc  sysctl.o [4]
main                         0x256f    0x7e  Code  Gb  main.o [1]
mid_MsgQueue            0x2000'13f4     0x4  Data  Gb  main.o [1]
osDelay                      0x2669    0x3a  Code  Gb  rtx_delay.o [2]
osDelayUntil                 0x26a5    0x3a  Code  Gb  rtx_delay.o [2]
osKernelGetState             0x186d    0x40  Code  Gb  rtx_kernel.o [2]
osKernelGetTickCount         0x18e1    0x20  Code  Gb  rtx_kernel.o [2]
osKernelInitialize           0x1835    0x38  Code  Gb  rtx_kernel.o [2]
osKernelStart                0x18ad    0x34  Code  Gb  rtx_kernel.o [2]
osMessageQueueGet            0x12f9    0x90  Code  Gb  rtx_msgqueue.o [2]
osMessageQueueNew            0x1221    0x3e  Code  Gb  rtx_msgqueue.o [2]
osMessageQueuePut            0x1261    0x98  Code  Gb  rtx_msgqueue.o [2]
osRtxConfig                  0x2db0    0x68  Data  Gb  rtx_lib.o [1]
osRtxErrorNotify              0xd0f    0x20  Code  Wk  RTX_Config.o [1]
osRtxIdleThread               0xc63     0x2  Code  Wk  RTX_Config.o [1]
osRtxInfo               0x2000'0000    0xa4  Data  Gb  rtx_kernel.o [2]
osRtxKernelPreInit           0x19fb     0x2  Code  Gb  rtx_lib.o [1]
osRtxMemoryAlloc              0xbe1    0x82  Code  Wk  rtx_memory.o [2]
osRtxMemoryFree               0xc6d    0x4c  Code  Wk  rtx_memory.o [2]
osRtxMemoryInit              0x193b    0x44  Code  Wk  rtx_memory.o [2]
osRtxMemoryPoolAlloc          0xb45    0x44  Code  Gb  rtx_mempool.o [2]
osRtxMemoryPoolFree           0xb89    0x56  Code  Gb  rtx_mempool.o [2]
osRtxMemoryPoolInit           0xaf9    0x4a  Code  Gb  rtx_mempool.o [2]
osRtxMessageQueuePostProcess
                              0xe17    0xee  Code  Lc  rtx_msgqueue.o [2]
osRtxMutexOwnerRelease        0xcb9    0x4c  Code  Gb  rtx_mutex.o [2]
osRtxPendSV_Handler          0x14cd    0x8a  Code  Gb  rtx_system.o [2]
osRtxPostProcess             0x1559    0x6e  Code  Gb  rtx_system.o [2]
osRtxThreadBlock              0x50d    0x34  Code  Lc  rtx_thread.o [2]
osRtxThreadDelayInsert        0x331    0x66  Code  Lc  rtx_thread.o [2]
osRtxThreadDelayRemove        0x397    0x60  Code  Lc  rtx_thread.o [2]
osRtxThreadDelayTick          0x3f7   0x102  Code  Gb  rtx_thread.o [2]
osRtxThreadDispatch           0x55d    0x5c  Code  Gb  rtx_thread.o [2]
osRtxThreadFree               0x895    0x56  Code  Lc  rtx_thread.o [2]
osRtxThreadListGet            0x2fd    0x16  Code  Gb  rtx_thread.o [2]
osRtxThreadListPut            0x2d9    0x24  Code  Gb  rtx_thread.o [2]
osRtxThreadListRemove         0x313    0x16  Code  Gb  rtx_thread.o [2]
osRtxThreadPostProcess        0x62f    0x50  Code  Lc  rtx_thread.o [2]
osRtxThreadReadyPut           0x329     0x8  Code  Gb  rtx_thread.o [2]
osRtxThreadRegPtr             0x4f9    0x14  Code  Gb  rtx_thread.o [2]
osRtxThreadStartup            0x985    0x3e  Code  Gb  rtx_thread.o [2]
osRtxThreadSwitch             0x541    0x1c  Code  Gb  rtx_thread.o [2]
osRtxThreadWaitEnter          0x5f3    0x3c  Code  Gb  rtx_thread.o [2]
osRtxThreadWaitExit           0x5bf    0x2e  Code  Gb  rtx_thread.o [2]
osRtxTick_Handler            0x145d    0x6e  Code  Gb  rtx_system.o [2]
osRtxTimerThread             0x2ba1    0x4c  Code  Wk  rtx_timer.o [2]
osRtxTimerTick               0x2b49    0x54  Code  Lc  rtx_timer.o [2]
osRtxUserSVC                 0x2fc4     0x4  Data  Wk  rtx_lib.o [1]
osThreadExit                  0xa41    0x16  Code  Gb  rtx_thread.o [2]
osThreadNew                   0x9c5    0x40  Code  Gb  rtx_thread.o [2]
osThreadYield                 0xa05    0x36  Code  Gb  rtx_thread.o [2]
os_idle_thread_attr          0x2ea8    0x24  Data  Lc  rtx_lib.o [1]
os_idle_thread_cb       0x2000'12f8    0x44  Data  Lc  rtx_lib.o [1]
os_idle_thread_stack    0x2000'10a8   0x100  Data  Lc  rtx_lib.o [1]
os_isr_queue            0x2000'1380    0x40  Data  Lc  rtx_lib.o [1]
os_mem                  0x2000'00a8  0x1000  Data  Lc  rtx_lib.o [1]
os_timer_mq_attr             0x2f7c    0x18  Data  Lc  rtx_lib.o [1]
os_timer_mq_cb          0x2000'13c0    0x34  Data  Lc  rtx_lib.o [1]
os_timer_mq_data        0x2000'12a8    0x50  Data  Lc  rtx_lib.o [1]
os_timer_thread_attr         0x2ecc    0x24  Data  Lc  rtx_lib.o [1]
os_timer_thread_cb      0x2000'133c    0x44  Data  Lc  rtx_lib.o [1]
os_timer_thread_stack   0x2000'11a8   0x100  Data  Lc  rtx_lib.o [1]
svcRtxDelay                  0x2621    0x16  Code  Lc  rtx_delay.o [2]
svcRtxDelayUntil             0x2637    0x32  Code  Lc  rtx_delay.o [2]
svcRtxKernelGetState         0x1787    0x12  Code  Lc  rtx_kernel.o [2]
svcRtxKernelGetTickCount
                             0x1831     0x4  Code  Lc  rtx_kernel.o [2]
svcRtxKernelInitialize       0x1641   0x146  Code  Lc  rtx_kernel.o [2]
svcRtxKernelStart            0x1799    0x98  Code  Lc  rtx_kernel.o [2]
svcRtxMessageQueueGet        0x1109    0xee  Code  Lc  rtx_msgqueue.o [2]
svcRtxMessageQueueNew         0xf05   0x130  Code  Lc  rtx_msgqueue.o [2]
svcRtxMessageQueuePut        0x1035    0xd4  Code  Lc  rtx_msgqueue.o [2]
svcRtxThreadExit              0x8eb    0x96  Code  Lc  rtx_thread.o [2]
svcRtxThreadNew               0x67f   0x1c8  Code  Lc  rtx_thread.o [2]
svcRtxThreadYield             0x84d    0x48  Code  Lc  rtx_thread.o [2]
thread1                      0x24cd    0x1a  Code  Gb  main.o [1]
thread1_id              0x2000'13f8     0x4  Data  Gb  main.o [1]
thread2                      0x24e7    0x22  Code  Gb  main.o [1]
thread2_id              0x2000'13fc     0x4  Data  Gb  main.o [1]


[1] = C:\Users\yuri_\Desktop\Sistemas Operacionais\Tiva_RTOS2_IAR8\tarefas\ewarm\Obj
[2] = RTX_CM4F.a
[3] = dl7M_tln.a
[4] = driverlib.a
[5] = m7M_tls.a
[6] = rt7M_tl.a
[7] = shb_l.a

  11'270 bytes of readonly  code memory
   1'003 bytes of readonly  data memory
  37'905 bytes of readwrite data memory

Errors: none
Warnings: none
